I love coding in java 
Java Coding is really fun 
